// Jest Snapshot v1, https://goo.gl/fbAQLP

exports[`Details snapshot renders 1`] = `
<div
  className="col s12 m4"
>
  <h1
    className="Details_title"
  >
    Detalhes do processo
  </h1>
  <ul
    className="Details_list_infos"
  >
    <li>
      <strong>
        Distribuído em:
      </strong>
    </li>
    <li>
      <strong>
        Classe: 
      </strong>
    </li>
    <li>
      <strong>
        Área: 
      </strong>
    </li>
    <li>
      <strong>
        Assunto: 
      </strong>
    </li>
    <li>
      <strong>
        Juíz: 
      </strong>
    </li>
    <li>
      <strong>
        Valor da Ação: 
      </strong>
    </li>
  </ul>
  <div
    className="divider"
  />
  <br />
  <h1
    className="Details_title"
  >
    Partes envolvida
  </h1>
  <ul
    className="Details_involved_list"
  >
    <li />
    <li />
  </ul>
</div>
`;
